// Jest Snapshot v1, https://goo.gl/fbAQLP

exports[`searchEntities action 1`] = `
Object {
  "payload": Object {
    "query": Object {
      "q": "query",
    },
  },
  "type": "SEARCH_ENTITIES",
}
`;
