// Jest Snapshot v1, https://goo.gl/fbAQLP

exports[`searchIssues action 1`] = `
Object {
  "payload": Object {
    "q": "query",
  },
  "type": "SEARCH_ISSUES",
}
`;
